Copyright (c) 1992-2018 The FreeBSD Project.
Copyright (c) 1979, 1980, 1983, 1986, 1988, 1989, 1991, 1992, 1993, 1994
	The Regents of the University of California. All rights reserved.
FreeBSD is a registered trademark of The FreeBSD Foundation.
FreeBSD 11.2-RELEASE #0 r335510: Fri Jun 22 04:09:26 UTC 2018
    root@releng2.nyi.freebsd.org:/usr/obj/usr/src/sys/GENERIC i386
FreeBSD clang version 6.0.0 (tags/RELEASE_600/final 326565) (based on LLVM 6.0.0)
VT(vga): text 80x25
CPU: Intel(R) Core(TM) i7-8550U CPU @ 1.80GHz (1992.00-MHz 686-class CPU)
  Origin="GenuineIntel"  Id=0x806ea  Family=0x6  Model=0x8e  Stepping=10
  Features=0xf83fbff<FPU,VME,DE,PSE,TSC,MSR,PAE,MCE,CX8,APIC,SEP,MTRR,PGE,MCA,CMOV,PAT,PSE36,MMX,FXSR,SSE,SSE2,SS>
  Features2=0xfffa3203<SSE3,PCLMULQDQ,SSSE3,FMA,CX16,PCID,SSE4.1,SSE4.2,x2APIC,MOVBE,POPCNT,TSCDLT,AESNI,XSAVE,OSXSAVE,AVX,F16C,RDRAND,HV>
  AMD Features=0x2c100000<NX,Page1GB,RDTSCP,LM>
  AMD Features2=0x121<LAHF,ABM,Prefetch>
  Structured Extended Features=0x1c27ab<FSGSBASE,TSCADJ,BMI1,AVX2,SMEP,BMI2,ERMS,INVPCID,NFPUSG,RDSEED,ADX,SMAP>
  Structured Extended Features3=0xbc000000<IBPB,STIBP,ARCH_CAP,SSBD>
  XSAVE Features=0x1<XSAVEOPT>
  IA32_ARCH_CAPS=0xc
  TSC: P-state invariant
Hypervisor: Origin = "VMwareVMware"
real memory  = 4294967296 (4096 MB)
avail memory = 3132616704 (2987 MB)
Event timer "LAPIC" quality 600
ACPI APIC Table: <PTLTD  	 APIC  >
MADT: Forcing active-low polarity and level trigger for SCI
ioapic0 <Version 1.1> irqs 0-23 on motherboard
Timecounter "TSC" frequency 1992002000 Hz quality 1000
random: entropy device external interface
kbd1 at kbdmux0
module_register_init: MOD_LOAD (vesa, 0xc10180a0, 0) error 19
random: registering fast source Intel Secure Key RNG
random: fast provider: "Intel Secure Key RNG"
nexus0
vtvga0: <VT VGA driver> on motherboard
cryptosoft0: <software crypto> on motherboard
acpi0: <INTEL 440BX> on motherboard
acpi0: Power Button (fixed)
cpu0: <ACPI CPU> on acpi0
attimer0: <AT timer> port 0x40-0x43 irq 0 on acpi0
Timecounter "i8254" frequency 1193182 Hz quality 0
Event timer "i8254" frequency 1193182 Hz quality 100
atrtc0: <AT realtime clock> port 0x70-0x71 irq 8 on acpi0
atrtc0: registered as a time-of-day clock, resolution 1.000000s
Event timer "RTC" frequency 32768 Hz quality 0
Timecounter "ACPI-fast" frequency 3579545 Hz quality 900
acpi_timer0: <24-bit timer at 3.579545MHz> port 0x1008-0x100b on acpi0
pcib0: <ACPI Host-PCI bridge> port 0xcf8-0xcff on acpi0
pci0: <ACPI PCI bus> on pcib0
pcib1: <ACPI PCI-PCI bridge> at device 1.0 on pci0
pci1: <ACPI PCI bus> on pcib1
isab0: <PCI-ISA bridge> at device 7.0 on pci0
isa0: <ISA bus> on isab0
atapci0: <Intel PIIX4 UDMA33 controller> port 0x1f0-0x1f7,0x3f6,0x170-0x177,0x376,0x1060-0x106f at device 7.1 on pci0
ata0: <ATA channel> at channel 0 on atapci0
ata1: <ATA channel> at channel 1 on atapci0
pci0: <bridge> at device 7.3 (no driver attached)
vgapci0: <VGA-compatible display> port 0x1070-0x107f mem 0xe8000000-0xefffffff,0xfe000000-0xfe7fffff irq 16 at device 15.0 on pci0
vgapci0: Boot video device
mpt0: <LSILogic 1030 Ultra4 Adapter> port 0x1400-0x14ff mem 0xfeba0000-0xfebbffff,0xfebc0000-0xfebdffff irq 17 at device 16.0 on pci0
mpt0: MPI Version=1.2.0.0
pcib2: <ACPI PCI-PCI bridge> at device 17.0 on pci0
pci2: <ACPI PCI bus> on pcib2
uhci0: <UHCI (generic) USB controller> port 0x2040-0x205f irq 18 at device 0.0 on pci2
usbus0 on uhci0
em0: <Intel(R) PRO/1000 Legacy Network Connection 1.1.0> port 0x2000-0x203f mem 0xfd5c0000-0xfd5dffff,0xfdff0000-0xfdffffff irq 19 at device 1.0 on pci2
em0: Ethernet address: 00:0c:29:1f:29:f4
ehci0: <EHCI (generic) USB 2.0 controller> mem 0xfd5ef000-0xfd5effff irq 16 at device 2.0 on pci2
usbus1: EHCI version 1.0
usbus1 on ehci0
pcib3: <ACPI PCI-PCI bridge> at device 21.0 on pci0
pcib3: [GIANT-LOCKED]
pcib4: <ACPI PCI-PCI bridge> at device 21.1 on pci0
pcib4: [GIANT-LOCKED]
pcib5: <ACPI PCI-PCI bridge> at device 21.2 on pci0
pcib5: [GIANT-LOCKED]
pcib6: <ACPI PCI-PCI bridge> at device 21.3 on pci0
pcib6: [GIANT-LOCKED]
pcib7: <ACPI PCI-PCI bridge> at device 21.4 on pci0
pcib7: [GIANT-LOCKED]
pcib8: <ACPI PCI-PCI bridge> at device 21.5 on pci0
pcib8: [GIANT-LOCKED]
pcib9: <ACPI PCI-PCI bridge> at device 21.6 on pci0
pcib9: [GIANT-LOCKED]
pcib10: <ACPI PCI-PCI bridge> at device 21.7 on pci0
pcib10: [GIANT-LOCKED]
pcib11: <ACPI PCI-PCI bridge> at device 22.0 on pci0
pcib11: [GIANT-LOCKED]
pcib12: <ACPI PCI-PCI bridge> at device 22.1 on pci0
pcib12: [GIANT-LOCKED]
pcib13: <ACPI PCI-PCI bridge> at device 22.2 on pci0
pcib13: [GIANT-LOCKED]
pcib14: <ACPI PCI-PCI bridge> at device 22.3 on pci0
pcib14: [GIANT-LOCKED]
pcib15: <ACPI PCI-PCI bridge> at device 22.4 on pci0
pcib15: [GIANT-LOCKED]
pcib16: <ACPI PCI-PCI bridge> at device 22.5 on pci0
pcib16: [GIANT-LOCKED]
pcib17: <ACPI PCI-PCI bridge> at device 22.6 on pci0
pcib17: [GIANT-LOCKED]
pcib18: <ACPI PCI-PCI bridge> at device 22.7 on pci0
pcib18: [GIANT-LOCKED]
pcib19: <ACPI PCI-PCI bridge> at device 23.0 on pci0
pcib19: [GIANT-LOCKED]
pcib20: <ACPI PCI-PCI bridge> at device 23.1 on pci0
pcib20: [GIANT-LOCKED]
pcib21: <ACPI PCI-PCI bridge> at device 23.2 on pci0
pcib21: [GIANT-LOCKED]
pcib22: <ACPI PCI-PCI bridge> at device 23.3 on pci0
pcib22: [GIANT-LOCKED]
pcib23: <ACPI PCI-PCI bridge> at device 23.4 on pci0
pcib23: [GIANT-LOCKED]
pcib24: <ACPI PCI-PCI bridge> at device 23.5 on pci0
pcib24: [GIANT-LOCKED]
pcib25: <ACPI PCI-PCI bridge> at device 23.6 on pci0
pcib25: [GIANT-LOCKED]
pcib26: <ACPI PCI-PCI bridge> at device 23.7 on pci0
pcib26: [GIANT-LOCKED]
pcib27: <ACPI PCI-PCI bridge> at device 24.0 on pci0
pcib27: [GIANT-LOCKED]
pcib28: <ACPI PCI-PCI bridge> at device 24.1 on pci0
pcib28: [GIANT-LOCKED]
pcib29: <ACPI PCI-PCI bridge> at device 24.2 on pci0
pcib29: [GIANT-LOCKED]
pcib30: <ACPI PCI-PCI bridge> at device 24.3 on pci0
pcib30: [GIANT-LOCKED]
pcib31: <ACPI PCI-PCI bridge> at device 24.4 on pci0
pcib31: [GIANT-LOCKED]
pcib32: <ACPI PCI-PCI bridge> at device 24.5 on pci0
pcib32: [GIANT-LOCKED]
pcib33: <ACPI PCI-PCI bridge> at device 24.6 on pci0
pcib33: [GIANT-LOCKED]
pcib34: <ACPI PCI-PCI bridge> at device 24.7 on pci0
pcib34: [GIANT-LOCKED]
acpi_acad0: <AC Adapter> on acpi0
atkbdc0: <Keyboard controller (i8042)> port 0x60,0x64 irq 1 on acpi0
atkbd0: <AT Keyboard> irq 1 on atkbdc0
kbd0 at atkbd0
atkbd0: [GIANT-LOCKED]
psm0: <PS/2 Mouse> irq 12 on atkbdc0
psm0: [GIANT-LOCKED]
psm0: model IntelliMouse, device ID 3
acpi_syscontainer0: <System Container> on acpi0
pmtimer0 on isa0
orm0: <ISA Option ROMs> at iomem 0xc0000-0xc7fff,0xc8000-0xc8fff,0xdc000-0xdffff,0xe0000-0xe7fff pnpid ORM0000 on isa0
vga0: <Generic ISA VGA> at port 0x3c0-0x3df iomem 0xa0000-0xbffff on isa0
ppc0: parallel port not found.
Timecounters tick every 10.000 msec
em0: link state changed to UP
usbus0: 12Mbps Full Speed USB v1.0
usbus1: 480Mbps High Speed USB v2.0
ugen0.1: <0x15ad UHCI root HUB> at usbus0
uhub0: <0x15ad UHCI root HUB, class 9/0, rev 1.00/1.00, addr 1> on usbus0
ugen1.1: <0x15ad EHCI root HUB> at usbus1
uhub1: <0x15ad EHCI root HUB, class 9/0, rev 2.00/1.00, addr 1> on usbus1
uhub0: 2 ports with 2 removable, self powered
ada0 at ata0 bus 0 scbus0 target 0 lun 0
ada0: <VMware Virtual IDE Hard Drive 00000001> ATA-4 device
ada0: Serial Number 00000000000000000001
ada0: 33.300MB/s transfers (UDMA2, PIO 32768bytes)
ada0: 20480MB (41943040 512 byte sectors)
Trying to mount root from ufs:/dev/ada0s1a [rw]...
ugen0.2: <VMware VMware Virtual USB Mouse> at usbus0
ugen0.3: <vendor 0x0e0f VMware Virtual USB Hub> at usbus0
uhub2 on uhub0
uhub2: <VMware Virtual USB Hub> on usbus0
uhub1: 6 ports with 6 removable, self powered
uhub2: 7 ports with 7 removable, self powered
Copyright (c) 1979, 1980, 1983, 1986, 1988, 1989, 1991, 1992, 1993, 1994
	The Regents of the University of California. All rights reserved.
FreeBSD is a registered trademark of The FreeBSD Foundation.
FreeBSD 11.2-RELEASE #0 r335510: Fri Jun 22 04:09:26 UTC 2018
    root@releng2.nyi.freebsd.org:/usr/obj/usr/src/sys/GENERIC i386
FreeBSD clang version 6.0.0 (tags/RELEASE_600/final 326565) (based on LLVM 6.0.0)
VT(vga): text 80x25
CPU: Intel(R) Core(TM) i7-8550U CPU @ 1.80GHz (1992.00-MHz 686-class CPU)
  Origin="GenuineIntel"  Id=0x806ea  Family=0x6  Model=0x8e  Stepping=10
  Features=0xf83fbff<FPU,VME,DE,PSE,TSC,MSR,PAE,MCE,CX8,APIC,SEP,MTRR,PGE,MCA,CMOV,PAT,PSE36,MMX,FXSR,SSE,SSE2,SS>
  Features2=0xfffa3203<SSE3,PCLMULQDQ,SSSE3,FMA,CX16,PCID,SSE4.1,SSE4.2,x2APIC,MOVBE,POPCNT,TSCDLT,AESNI,XSAVE,OSXSAVE,AVX,F16C,RDRAND,HV>
  AMD Features=0x2c100000<NX,Page1GB,RDTSCP,LM>
  AMD Features2=0x121<LAHF,ABM,Prefetch>
  Structured Extended Features=0x1c27ab<FSGSBASE,TSCADJ,BMI1,AVX2,SMEP,BMI2,ERMS,INVPCID,NFPUSG,RDSEED,ADX,SMAP>
  Structured Extended Features3=0xbc000000<IBPB,STIBP,ARCH_CAP,SSBD>
  XSAVE Features=0x1<XSAVEOPT>
  IA32_ARCH_CAPS=0xc
  TSC: P-state invariant
Hypervisor: Origin = "VMwareVMware"
real memory  = 4294967296 (4096 MB)
avail memory = 3132616704 (2987 MB)
Event timer "LAPIC" quality 600
ACPI APIC Table: <PTLTD  	 APIC  >
MADT: Forcing active-low polarity and level trigger for SCI
ioapic0 <Version 1.1> irqs 0-23 on motherboard
Timecounter "TSC" frequency 1992002000 Hz quality 1000
random: entropy device external interface
kbd1 at kbdmux0
module_register_init: MOD_LOAD (vesa, 0xc10180a0, 0) error 19
random: registering fast source Intel Secure Key RNG
random: fast provider: "Intel Secure Key RNG"
nexus0
vtvga0: <VT VGA driver> on motherboard
cryptosoft0: <software crypto> on motherboard
acpi0: <INTEL 440BX> on motherboard
acpi0: Power Button (fixed)
cpu0: <ACPI CPU> on acpi0
attimer0: <AT timer> port 0x40-0x43 irq 0 on acpi0
Timecounter "i8254" frequency 1193182 Hz quality 0
Event timer "i8254" frequency 1193182 Hz quality 100
atrtc0: <AT realtime clock> port 0x70-0x71 irq 8 on acpi0
atrtc0: registered as a time-of-day clock, resolution 1.000000s
Event timer "RTC" frequency 32768 Hz quality 0
Timecounter "ACPI-fast" frequency 3579545 Hz quality 900
acpi_timer0: <24-bit timer at 3.579545MHz> port 0x1008-0x100b on acpi0
pcib0: <ACPI Host-PCI bridge> port 0xcf8-0xcff on acpi0
pci0: <ACPI PCI bus> on pcib0
pcib1: <ACPI PCI-PCI bridge> at device 1.0 on pci0
pci1: <ACPI PCI bus> on pcib1
isab0: <PCI-ISA bridge> at device 7.0 on pci0
isa0: <ISA bus> on isab0
atapci0: <Intel PIIX4 UDMA33 controller> port 0x1f0-0x1f7,0x3f6,0x170-0x177,0x376,0x1060-0x106f at device 7.1 on pci0
ata0: <ATA channel> at channel 0 on atapci0
ata1: <ATA channel> at channel 1 on atapci0
pci0: <bridge> at device 7.3 (no driver attached)
vgapci0: <VGA-compatible display> port 0x1070-0x107f mem 0xe8000000-0xefffffff,0xfe000000-0xfe7fffff irq 16 at device 15.0 on pci0
vgapci0: Boot video device
mpt0: <LSILogic 1030 Ultra4 Adapter> port 0x1400-0x14ff mem 0xfeba0000-0xfebbffff,0xfebc0000-0xfebdffff irq 17 at device 16.0 on pci0
mpt0: MPI Version=1.2.0.0
pcib2: <ACPI PCI-PCI bridge> at device 17.0 on pci0
pci2: <ACPI PCI bus> on pcib2
uhci0: <UHCI (generic) USB controller> port 0x2040-0x205f irq 18 at device 0.0 on pci2
usbus0 on uhci0
em0: <Intel(R) PRO/1000 Legacy Network Connection 1.1.0> port 0x2000-0x203f mem 0xfd5c0000-0xfd5dffff,0xfdff0000-0xfdffffff irq 19 at device 1.0 on pci2
em0: Ethernet address: 00:0c:29:1f:29:f4
ehci0: <EHCI (generic) USB 2.0 controller> mem 0xfd5ef000-0xfd5effff irq 16 at device 2.0 on pci2
usbus1: EHCI version 1.0
usbus1 on ehci0
pcib3: <ACPI PCI-PCI bridge> at device 21.0 on pci0
pcib3: [GIANT-LOCKED]
pcib4: <ACPI PCI-PCI bridge> at device 21.1 on pci0
pcib4: [GIANT-LOCKED]
pcib5: <ACPI PCI-PCI bridge> at device 21.2 on pci0
pcib5: [GIANT-LOCKED]
pcib6: <ACPI PCI-PCI bridge> at device 21.3 on pci0
pcib6: [GIANT-LOCKED]
pcib7: <ACPI PCI-PCI bridge> at device 21.4 on pci0
pcib7: [GIANT-LOCKED]
pcib8: <ACPI PCI-PCI bridge> at device 21.5 on pci0
pcib8: [GIANT-LOCKED]
pcib9: <ACPI PCI-PCI bridge> at device 21.6 on pci0
pcib9: [GIANT-LOCKED]
pcib10: <ACPI PCI-PCI bridge> at device 21.7 on pci0
pcib10: [GIANT-LOCKED]
pcib11: <ACPI PCI-PCI bridge> at device 22.0 on pci0
pcib11: [GIANT-LOCKED]
pcib12: <ACPI PCI-PCI bridge> at device 22.1 on pci0
pcib12: [GIANT-LOCKED]
pcib13: <ACPI PCI-PCI bridge> at device 22.2 on pci0
pcib13: [GIANT-LOCKED]
pcib14: <ACPI PCI-PCI bridge> at device 22.3 on pci0
pcib14: [GIANT-LOCKED]
pcib15: <ACPI PCI-PCI bridge> at device 22.4 on pci0
pcib15: [GIANT-LOCKED]
pcib16: <ACPI PCI-PCI bridge> at device 22.5 on pci0
pcib16: [GIANT-LOCKED]
pcib17: <ACPI PCI-PCI bridge> at device 22.6 on pci0
pcib17: [GIANT-LOCKED]
pcib18: <ACPI PCI-PCI bridge> at device 22.7 on pci0
pcib18: [GIANT-LOCKED]
pcib19: <ACPI PCI-PCI bridge> at device 23.0 on pci0
pcib19: [GIANT-LOCKED]
pcib20: <ACPI PCI-PCI bridge> at device 23.1 on pci0
pcib20: [GIANT-LOCKED]
pcib21: <ACPI PCI-PCI bridge> at device 23.2 on pci0
pcib21: [GIANT-LOCKED]
pcib22: <ACPI PCI-PCI bridge> at device 23.3 on pci0
pcib22: [GIANT-LOCKED]
pcib23: <ACPI PCI-PCI bridge> at device 23.4 on pci0
pcib23: [GIANT-LOCKED]
pcib24: <ACPI PCI-PCI bridge> at device 23.5 on pci0
pcib24: [GIANT-LOCKED]
pcib25: <ACPI PCI-PCI bridge> at device 23.6 on pci0
pcib25: [GIANT-LOCKED]
pcib26: <ACPI PCI-PCI bridge> at device 23.7 on pci0
pcib26: [GIANT-LOCKED]
pcib27: <ACPI PCI-PCI bridge> at device 24.0 on pci0
pcib27: [GIANT-LOCKED]
pcib28: <ACPI PCI-PCI bridge> at device 24.1 on pci0
pcib28: [GIANT-LOCKED]
pcib29: <ACPI PCI-PCI bridge> at device 24.2 on pci0
pcib29: [GIANT-LOCKED]
pcib30: <ACPI PCI-PCI bridge> at device 24.3 on pci0
pcib30: [GIANT-LOCKED]
pcib31: <ACPI PCI-PCI bridge> at device 24.4 on pci0
pcib31: [GIANT-LOCKED]
pcib32: <ACPI PCI-PCI bridge> at device 24.5 on pci0
pcib32: [GIANT-LOCKED]
pcib33: <ACPI PCI-PCI bridge> at device 24.6 on pci0
pcib33: [GIANT-LOCKED]
pcib34: <ACPI PCI-PCI bridge> at device 24.7 on pci0
pcib34: [GIANT-LOCKED]
acpi_acad0: <AC Adapter> on acpi0
atkbdc0: <Keyboard controller (i8042)> port 0x60,0x64 irq 1 on acpi0
atkbd0: <AT Keyboard> irq 1 on atkbdc0
kbd0 at atkbd0
atkbd0: [GIANT-LOCKED]
psm0: <PS/2 Mouse> irq 12 on atkbdc0
psm0: [GIANT-LOCKED]
psm0: model IntelliMouse, device ID 3
acpi_syscontainer0: <System Container> on acpi0
pmtimer0 on isa0
orm0: <ISA Option ROMs> at iomem 0xc0000-0xc7fff,0xc8000-0xc8fff,0xdc000-0xdffff,0xe0000-0xe7fff pnpid ORM0000 on isa0
vga0: <Generic ISA VGA> at port 0x3c0-0x3df iomem 0xa0000-0xbffff on isa0
ppc0: parallel port not found.
Timecounters tick every 10.000 msec
em0: link state changed to UP
usbus0: 12Mbps Full Speed USB v1.0
usbus1: 480Mbps High Speed USB v2.0
ugen1.1: <0x15ad EHCI root HUB> at usbus1
uhub0: <0x15ad EHCI root HUB, class 9/0, rev 2.00/1.00, addr 1> on usbus1
ugen0.1: <0x15ad UHCI root HUB> at usbus0
uhub1: <0x15ad UHCI root HUB, class 9/0, rev 1.00/1.00, addr 1> on usbus0
uhub1: 2 ports with 2 removable, self powered
ada0 at ata0 bus 0 scbus0 target 0 lun 0
ada0: <VMware Virtual IDE Hard Drive 00000001> ATA-4 device
ada0: Serial Number 00000000000000000001
ada0: 33.300MB/s transfers (UDMA2, PIO 32768bytes)
ada0: 20480MB (41943040 512 byte sectors)
Trying to mount root from ufs:/dev/ada0s1a [rw]...
ugen0.2: <VMware VMware Virtual USB Mouse> at usbus0
random: unblocking device.
ugen0.3: <vendor 0x0e0f VMware Virtual USB Hub> at usbus0
uhub2 on uhub1
uhub2: <VMware Virtual USB Hub> on usbus0
uhub0: 6 ports with 6 removable, self powered
uhub2: 7 ports with 7 removable, self powered
uhid0 on uhub1
uhid0: <VMware> on usbus0
uhid1 on uhub1
uhid1: <VMware> on usbus0
em0: link state changed to DOWN
em0: link state changed to UP
em0: link state changed to DOWN
em0: link state changed to UP
em0: link state changed to DOWN
em0: link state changed to UP
em0: link state changed to DOWN
em0: link state changed to UP
em0: link state changed to DOWN
em0: link state changed to UP
em0: link state changed to DOWN
em0: link state changed to UP
pid 1623 (read_hook.ko), uid 0: exited on signal 11 (core dumped)
